// Jest Snapshot v1, https://goo.gl/fbAQLP

exports[`voiceCoordsHex SSOT v0.1 lock (coords + radius + distance matrix) 1`] = `
{
  "coords": [
    {
      "axial": {
        "q": 3,
        "r": 0,
      },
      "radius": 3,
      "v": "A",
    },
    {
      "axial": {
        "q": 0,
        "r": 2,
      },
      "radius": 2,
      "v": "E",
    },
    {
      "axial": {
        "q": 1,
        "r": 0,
      },
      "radius": 1,
      "v": "I",
    },
    {
      "axial": {
        "q": 0,
        "r": 0,
      },
      "radius": 0,
      "v": "O",
    },
    {
      "axial": {
        "q": -1,
        "r": 0,
      },
      "radius": 1,
      "v": "U",
    },
    {
      "axial": {
        "q": 0,
        "r": -2,
      },
      "radius": 2,
      "v": "Y",
    },
    {
      "axial": {
        "q": -3,
        "r": 0,
      },
      "radius": 3,
      "v": "Ë",
    },
  ],
  "dist": [
    {
      "a": "A",
      "row": [
        0,
        3,
        2,
        3,
        4,
        5,
        6,
      ],
    },
    {
      "a": "E",
      "row": [
        3,
        0,
        2,
        2,
        3,
        4,
        5,
      ],
    },
    {
      "a": "I",
      "row": [
        2,
        2,
        0,
        1,
        2,
        3,
        4,
      ],
    },
    {
      "a": "O",
      "row": [
        3,
        2,
        1,
        0,
        1,
        2,
        3,
      ],
    },
    {
      "a": "U",
      "row": [
        4,
        3,
        2,
        1,
        0,
        2,
        2,
      ],
    },
    {
      "a": "Y",
      "row": [
        5,
        4,
        3,
        2,
        2,
        0,
        3,
      ],
    },
    {
      "a": "Ë",
      "row": [
        6,
        5,
        4,
        3,
        2,
        3,
        0,
      ],
    },
  ],
}
`;
