// Jest Snapshot v1, https://goo.gl/fbAQLP

exports[`proposeWithOracle.v0.1 (SSOT oracle) smoke: builds ClaimPacket + runs truth-check verifier (mock proposer) 1`] = `
{
  "claimPacket": {
    "claimPacketVersion": "v0.1",
    "oracle": {
      "evidenceRefs": [
        "oracle.basis:normalizeWordBasisV0_1",
        "oracle.primaryVoicePath:extractSevenVowelsFromString",
        "oracle.primaryVoicePath:applyStrictTerminalYHint",
      ],
      "mode": "strict",
      "primaryVoicePath": [
        "U",
        "I",
      ],
      "word": "study",
    },
    "proposal": {
      "candidates": [
        {
          "decomposition": {
            "statement": "mock proposer v0.2",
          },
          "form": "study",
          "language": "English",
          "opsUsed": [],
          "vowelPath": undefined,
        },
      ],
      "mode": "strict",
      "word": "study",
    },
    "proposalVerification": {
      "mode": "strict",
      "overallPass": true,
      "results": [
        {
          "checks": [
            {
              "id": "OPS_ALLOWED",
              "pass": true,
              "reason": "No opsUsed tokens provided.",
            },
            {
              "id": "DECOMP_PRESENT",
              "pass": true,
              "reason": "Decomposition present.",
            },
            {
              "id": "PATH_MATCH",
              "pass": true,
              "reason": "No vowelPath provided (not checked in v0.1).",
            },
            {
              "id": "LANG_KNOWN",
              "pass": true,
              "reason": "Language 'English' is in the v0.1 registry.",
            },
          ],
          "extractedVowelPath": [
            "U",
            "I",
          ],
          "form": "study",
          "normalizedOpsUsed": [],
          "pass": true,
        },
      ],
      "rulesVersion": "v0.1",
      "surface": {
        "basis": "study",
        "math7": {
          "events": [
            "WRAP_GATE",
            "COMPLETION",
            "INFINITE_PEACE",
          ],
          "jumps": [
            5,
          ],
          "rawSum": 8,
          "total1to7": 7,
          "values1to7": [
            5,
            3,
          ],
          "wrapCount": 1,
        },
        "principlesPath": [
          "UNITY",
          "INSIGHT",
        ],
        "vowels": [
          "U",
          "I",
        ],
      },
      "verifierVersion": "v0.1",
      "word": "study",
    },
  },
  "claimVerification": {
    "evidenceRefs": [
      "oracle.word",
      "oracle.mode",
      "oracle.primaryVoicePath",
      "oracle.basis:normalizeWordBasisV0_1",
      "oracle.primaryVoicePath:extractSevenVowelsFromString",
      "oracle.primaryVoicePath:applyStrictTerminalYHint",
      "proposalVerification.results[0].extractedVowelPath",
    ],
    "mismatches": [],
    "passed": true,
    "reasonCodes": [
      "CP_C1_WORD_MATCH",
      "CP_C2_MODE_MATCH",
      "CP_C3_PRIMARY_PATH_HAS_MATCHING_CANDIDATE",
    ],
    "verifierVersion": "v0.1",
  },
  "mode": "strict",
  "ok": true,
  "oracle": {
    "evidenceRefs": [
      "oracle.basis:normalizeWordBasisV0_1",
      "oracle.primaryVoicePath:extractSevenVowelsFromString",
      "oracle.primaryVoicePath:applyStrictTerminalYHint",
    ],
    "mode": "strict",
    "primaryVoicePath": [
      "U",
      "I",
    ],
    "word": "study",
  },
  "proposal": {
    "candidates": [
      {
        "decomposition": {
          "statement": "mock proposer v0.2",
        },
        "form": "study",
        "language": "English",
        "opsUsed": [],
        "vowelPath": undefined,
      },
    ],
    "mode": "strict",
    "word": "study",
  },
  "proposalVerification": {
    "mode": "strict",
    "overallPass": true,
    "results": [
      {
        "checks": [
          {
            "id": "OPS_ALLOWED",
            "pass": true,
            "reason": "No opsUsed tokens provided.",
          },
          {
            "id": "DECOMP_PRESENT",
            "pass": true,
            "reason": "Decomposition present.",
          },
          {
            "id": "PATH_MATCH",
            "pass": true,
            "reason": "No vowelPath provided (not checked in v0.1).",
          },
          {
            "id": "LANG_KNOWN",
            "pass": true,
            "reason": "Language 'English' is in the v0.1 registry.",
          },
        ],
        "extractedVowelPath": [
          "U",
          "I",
        ],
        "form": "study",
        "normalizedOpsUsed": [],
        "pass": true,
      },
    ],
    "rulesVersion": "v0.1",
    "surface": {
      "basis": "study",
      "math7": {
        "events": [
          "WRAP_GATE",
          "COMPLETION",
          "INFINITE_PEACE",
        ],
        "jumps": [
          5,
        ],
        "rawSum": 8,
        "total1to7": 7,
        "values1to7": [
          5,
          3,
        ],
        "wrapCount": 1,
      },
      "principlesPath": [
        "UNITY",
        "INSIGHT",
      ],
      "vowels": [
        "U",
        "I",
      ],
    },
    "verifierVersion": "v0.1",
    "word": "study",
  },
  "proposerRawText": "{
  "word": "study",
  "mode": "strict",
  "candidates": [
    {
      "form": "study",
      "language": "English",
      "opsUsed": [],
      "decomposition": {
        "statement": "mock proposer v0.2"
      }
    }
  ]
}",
  "provider": "mock",
  "word": "study",
}
`;
