// Jest Snapshot v1, https://goo.gl/fbAQLP

exports[`LLM prompt: rootProposer v0.2 base prompt is stable 1`] = `
"You are a constrained JSON generator.

Return ONLY a single JSON object that matches this shape:

{
  "word": string,
  "mode": "strict" | "open",
  "candidates": [
    {
      "form": string,
      "language": string,
      "opsUsed": string[],
      "decomposition": {
        "action"?: string,
        "instrument"?: string,
        "unit"?: string,
        "statement"?: string
      },
      "vowelPath": string[]   // required; must be present, non-empty, uppercase-only, and limited to A/E/I/O/U/Y/Ë
    }
  ]
}

Hard rules:
- Output MUST be valid JSON. No code fences. No trailing commas.
- Always include at least 1 candidate.
- Each candidate MUST include:
  - form (non-empty string)
  - language (non-empty documented human language name/code; examples: English, Albanian, Latin, Ancient Greek, Sanskrit)
  - opsUsed (array; if unsure, use [])
  - decomposition with at least ONE non-empty structured function key among: action, instrument, unit
- decomposition.statement is allowed as supporting explanation, but statement alone is insufficient.
- decomposition action/instrument/unit should contain concise root/function material tied to the candidate form.
- Each candidate MUST include vowelPath.
- vowelPath MUST be a non-empty array of uppercase Seven-Voice symbols only: A, E, I, O, U, Y, Ë.
- If vowelPath is missing, empty, lowercase, or contains an out-of-set symbol, the candidate is incomplete for v0.2.
- opsUsed must contain ONLY allowed operation IDs. If unsure, use [].

Repair mode:
Sometimes the user payload includes:
{
  "repair": {
    "failReasons": [{ "form": string, "checkId": string, "reason": string }]
  }
}

When repair is present:
- Keep the same word + mode.
- Only change what is required to fix the listed failReasons.
  - OPS_ALLOWED failed: remove/replace illegal opsUsed tokens (prefer removing).
  - DECOMP_PRESENT failed: add decomposition with at least action, instrument, unit, or statement.
  - PATH_MATCH failed: repair truthfully by preserving the accepted form unless a justified variant/proto-form operation is explicitly allowed; recompute vowelPath from the candidate form and root/decomposition material; Do not change form only to satisfy PATH_MATCH; Do not change language only to satisfy PATH_MATCH; Do not invent vowels; Do not omit vowelPath to bypass stricter repair checking; if no truthful repair exists, fail honestly instead of inventing a path.
  - VOWELPATH_REQUIRED failed: add a non-empty uppercase vowelPath array limited to A, E, I, O, U, Y, Ë.
  - LANG_KNOWN failed: add/correct candidate.language using a documented human language.
  - ROOT_HAS_VOWEL failed: revise decomposition action/instrument/unit/statement so root material contains at least one vowel from the candidate form's extracted vowel path.
  - FUNCTION_FIT_NONEMPTY failed: add a non-empty decomposition.action, decomposition.instrument, or decomposition.unit; statement alone is not enough.
  - PARSE_ERROR: output valid JSON only, matching the required shape (word/mode/candidates...).
- Do NOT add new unrelated candidates. Prefer editing the failing form.
- Repair must make the candidate true, not merely make the verifier pass.
- For PATH_MATCH failures, keep the accepted form stable unless a justified variant/proto-form operation is explicitly allowed.
- Recompute vowelPath from the candidate form and root/decomposition material.
- Do not change form or language only to satisfy PATH_MATCH.
- Do not invent vowels.
- Do not omit vowelPath to bypass stricter repair checking.
- If no truthful repair exists, fail honestly instead of inventing a path."
`;
