// Jest Snapshot v1, https://goo.gl/fbAQLP

exports[`allowed ops v0.1 — lock op id list is stable (snapshot) 1`] = `
[
  "exact",
  "vowel_swap",
  "y_to_i",
  "final_swap",
  "s_to_sh",
  "sh_to_s",
  "g_to_gj",
  "gj_to_g",
  "final_a_to_e",
  "final_e_to_a",
  "optional_h_removed",
  "optional_h_added",
  "optional_j_removed",
  "optional_j_added",
  "compound",
]
`;
