// Jest Snapshot v1, https://goo.gl/fbAQLP

exports[`Decision Geometry v1 — decision_geometry tag (strict) decision_geometry snapshot: falje 1`] = `undefined`;

exports[`Decision Geometry v1 — decision_geometry tag (strict) decision_geometry snapshot: ftoj 1`] = `undefined`;

exports[`Decision Geometry v1 — decision_geometry tag (strict) decision_geometry snapshot: ndëshkim 1`] = `undefined`;

exports[`Decision Geometry v1 — decision_geometry tag (strict) decision_geometry snapshot: pranoj 1`] = `undefined`;

exports[`Decision Geometry v1 — decision_geometry tag (strict) decision_geometry snapshot: përjashtoj 1`] = `undefined`;

exports[`Decision Geometry v1 — decision_geometry tag (strict) decision_geometry snapshot: refuzoj 1`] = `undefined`;

exports[`Decision Geometry v1 — decision_geometry tag (strict) decision_geometry snapshot: shëroj 1`] = `undefined`;

exports[`Decision Geometry v1 — decision_geometry tag (strict) decision_geometry snapshot: thyej 1`] = `undefined`;
