// Jest Snapshot v1, https://goo.gl/fbAQLP

exports[`O-Edge Polarity v1 — o_edge_polarity tag (strict) o_edge_polarity snapshot: jo 1`] = `undefined`;

exports[`O-Edge Polarity v1 — o_edge_polarity tag (strict) o_edge_polarity snapshot: meiyou 1`] = `undefined`;

exports[`O-Edge Polarity v1 — o_edge_polarity tag (strict) o_edge_polarity snapshot: po 1`] = `undefined`;

exports[`O-Edge Polarity v1 — o_edge_polarity tag (strict) o_edge_polarity snapshot: you 1`] = `undefined`;
