// Jest Snapshot v1, https://goo.gl/fbAQLP

exports[`PatternAtlas classifier — contract lock (v1) locks canonical paths 1`] = `
[
  {
    "classification": {
      "from": "O",
      "label": "Single voice (O)",
      "normalized": "O",
      "polarity": "orbital",
      "raw": "O",
      "ringDelta": 0,
      "ringFrom": 0,
      "ringTo": 0,
      "steps": 0,
      "summary": "Static on ring 0.",
      "to": "O",
      "voices": [
        "O",
      ],
    },
    "label": "single O",
    "raw": "O",
  },
  {
    "classification": {
      "from": "O",
      "label": "Outward move",
      "normalized": "O → E",
      "polarity": "centrifugal",
      "raw": "O → E",
      "ringDelta": 2,
      "ringFrom": 0,
      "ringTo": 2,
      "steps": 1,
      "summary": "Moves centrifugal from ring 0 to ring 2 (O → E).",
      "to": "E",
      "voices": [
        "O",
        "E",
      ],
    },
    "label": "O to E",
    "raw": "O → E",
  },
  {
    "classification": {
      "from": "A",
      "label": "Same-ring move",
      "normalized": "A → Ë",
      "polarity": "orbital",
      "raw": "A → Ë",
      "ringDelta": 0,
      "ringFrom": 3,
      "ringTo": 3,
      "steps": 1,
      "summary": "Moves orbital from ring 3 to ring 3 (A → Ë).",
      "to": "Ë",
      "voices": [
        "A",
        "Ë",
      ],
    },
    "label": "A to Ë",
    "raw": "A → Ë",
  },
  {
    "classification": {
      "from": "I",
      "label": "Same-ring move",
      "normalized": "I → U",
      "polarity": "orbital",
      "raw": "I → U",
      "ringDelta": 0,
      "ringFrom": 1,
      "ringTo": 1,
      "steps": 1,
      "summary": "Moves orbital from ring 1 to ring 1 (I → U).",
      "to": "U",
      "voices": [
        "I",
        "U",
      ],
    },
    "label": "I to U",
    "raw": "I → U",
  },
  {
    "classification": {
      "from": "Y",
      "label": "Outward move",
      "normalized": "Y → Ë",
      "polarity": "centrifugal",
      "raw": "Y → Ë",
      "ringDelta": 1,
      "ringFrom": 2,
      "ringTo": 3,
      "steps": 1,
      "summary": "Moves centrifugal from ring 2 to ring 3 (Y → Ë).",
      "to": "Ë",
      "voices": [
        "Y",
        "Ë",
      ],
    },
    "label": "Y to Ë",
    "raw": "Y → Ë",
  },
  {
    "classification": {
      "from": "Y",
      "label": "Single voice (Y)",
      "normalized": "Y",
      "polarity": "orbital",
      "raw": "xyz",
      "ringDelta": 0,
      "ringFrom": 2,
      "ringTo": 2,
      "steps": 0,
      "summary": "Static on ring 2.",
      "to": "Y",
      "voices": [
        "Y",
      ],
    },
    "label": "xyz treated as Y",
    "raw": "xyz",
  },
]
`;
