// Jest Snapshot v1, https://goo.gl/fbAQLP

exports[`S-Cluster Vision v1 — s_cluster_vision tag (strict) s_cluster_vision snapshot: shkel 1`] = `undefined`;

exports[`S-Cluster Vision v1 — s_cluster_vision tag (strict) s_cluster_vision snapshot: shpërndaj 1`] = `undefined`;

exports[`S-Cluster Vision v1 — s_cluster_vision tag (strict) s_cluster_vision snapshot: sistem 1`] = `undefined`;

exports[`S-Cluster Vision v1 — s_cluster_vision tag (strict) s_cluster_vision snapshot: strukturë 1`] = `undefined`;

exports[`S-Cluster Vision v1 — s_cluster_vision tag (strict) s_cluster_vision snapshot: zhurmë 1`] = `undefined`;
