// Jest Snapshot v1, https://goo.gl/fbAQLP

exports[`SevenVoicesStressTestV1 — contract lock (v1) locks current edge behavior: lowercase 'xyz' is interpreted as Y (not null) 1`] = `
{
  "classification": {
    "from": "Y",
    "label": "Single voice (Y)",
    "normalized": "Y",
    "polarity": "orbital",
    "raw": "xyz",
    "ringDelta": 0,
    "ringFrom": 2,
    "ringTo": 2,
    "steps": 0,
    "summary": "Static on ring 2.",
    "to": "Y",
    "voices": [
      "Y",
    ],
  },
  "ui": {
    "label": "Single voice (Y)",
    "summary": "Static on ring 2.",
    "title": "Seven-Voices Pattern Map (v1)",
    "voicePath": "Y",
  },
  "voicePath": "Y",
  "voicePathRaw": "xyz",
  "voices": [
    "Y",
  ],
  "word": "",
}
`;

exports[`SevenVoicesStressTestV1 — contract lock (v1) locks output for a single vowel path 1`] = `
{
  "classification": {
    "from": "O",
    "label": "Single voice (O)",
    "normalized": "O",
    "polarity": "orbital",
    "raw": "O",
    "ringDelta": 0,
    "ringFrom": 0,
    "ringTo": 0,
    "steps": 0,
    "summary": "Static on ring 0.",
    "to": "O",
    "voices": [
      "O",
    ],
  },
  "ui": {
    "label": "Single voice (O)",
    "summary": "Static on ring 0.",
    "title": "Seven-Voices Pattern Map (v1)",
    "voicePath": "O",
  },
  "voicePath": "O",
  "voicePathRaw": "O",
  "voices": [
    "O",
  ],
  "word": "",
}
`;

exports[`SevenVoicesStressTestV1 — contract lock (v1) locks output for a valid voice path 1`] = `
{
  "classification": {
    "from": "O",
    "label": "Outward move",
    "normalized": "O → E",
    "polarity": "centrifugal",
    "raw": "O → E",
    "ringDelta": 2,
    "ringFrom": 0,
    "ringTo": 2,
    "steps": 1,
    "summary": "Moves centrifugal from ring 0 to ring 2 (O → E).",
    "to": "E",
    "voices": [
      "O",
      "E",
    ],
  },
  "ui": {
    "label": "Outward move",
    "summary": "Moves centrifugal from ring 0 to ring 2 (O → E).",
    "title": "Seven-Voices Pattern Map (v1)",
    "voicePath": "O → E",
  },
  "voicePath": "O → E",
  "voicePathRaw": "O → E",
  "voices": [
    "O",
    "E",
  ],
  "word": "",
}
`;

exports[`SevenVoicesStressTestV1 — contract lock (v1) locks output when input has no vowel letters at all (classification must be null) 1`] = `
{
  "classification": null,
  "ui": {
    "label": "No voice path detected",
    "summary": "No vowels (A,E,I,O,U,Y,Ë) found in this input.",
    "title": "Seven-Voices Pattern Map (v1)",
    "voicePath": "—",
  },
  "voicePath": "",
  "voicePathRaw": "123-_=+!!",
  "voices": [],
  "word": "",
}
`;
