// Jest Snapshot v1, https://goo.gl/fbAQLP

exports[`Trust Geometry v1 — trust_geometry tag (strict) trust_geometry snapshot: falje 1`] = `undefined`;

exports[`Trust Geometry v1 — trust_geometry tag (strict) trust_geometry snapshot: mbaj 1`] = `undefined`;

exports[`Trust Geometry v1 — trust_geometry tag (strict) trust_geometry snapshot: premtoj 1`] = `undefined`;

exports[`Trust Geometry v1 — trust_geometry tag (strict) trust_geometry snapshot: shkel 1`] = `undefined`;

exports[`Trust Geometry v1 — trust_geometry tag (strict) trust_geometry snapshot: shëroj 1`] = `undefined`;

exports[`Trust Geometry v1 — trust_geometry tag (strict) trust_geometry snapshot: thyej 1`] = `undefined`;
