// Jest Snapshot v1, https://goo.gl/fbAQLP

exports[`ui telemetry vm contract v0.1.1 (candidates evidence lists) adapts candidate ops/notes/signals when present (study strict fixture) 1`] = `
{
  "candidates": [
    {
      "decomposition": {
        "kind": "missing",
        "missing": "not_emitted",
      },
      "deepRootHeartGate": {
        "kind": "present",
        "value": {
          "evidenceRefs": [
            "heartPrimaryPath",
            "primaryPath.voicePath",
            "deepRoot.functionalRoots[0].vowelPath",
          ],
          "reasonCodes": [],
          "status": "aligned",
        },
      },
      "form": {
        "kind": "present",
        "value": "studium",
      },
      "functionalStatement": {
        "kind": "present",
        "value": "Deliberate effort of knowing that leads to a formed inner state.",
      },
      "id": "latin-studium",
      "index": 0,
      "language": {
        "kind": "present",
        "value": "Latin",
      },
      "notes": {
        "kind": "missing",
        "missing": "not_emitted",
      },
      "ops": {
        "kind": "missing",
        "missing": "not_emitted",
      },
      "signals": {
        "kind": "missing",
        "missing": "not_emitted",
      },
      "vowelPath": {
        "kind": "present",
        "value": [
          "U",
          "I",
        ],
      },
    },
    {
      "decomposition": {
        "kind": "missing",
        "missing": "not_emitted",
      },
      "deepRootHeartGate": {
        "kind": "present",
        "value": {
          "evidenceRefs": [
            "heartPrimaryPath",
            "primaryPath.voicePath",
            "deepRoot.functionalRoots[0].vowelPath",
          ],
          "reasonCodes": [],
          "status": "aligned",
        },
      },
      "form": {
        "kind": "present",
        "value": "studim",
      },
      "functionalStatement": {
        "kind": "missing",
        "missing": "not_emitted",
      },
      "id": "albanian-studim",
      "index": 1,
      "language": {
        "kind": "present",
        "value": "Albanian",
      },
      "notes": {
        "kind": "missing",
        "missing": "not_emitted",
      },
      "ops": {
        "kind": "missing",
        "missing": "not_emitted",
      },
      "signals": {
        "kind": "missing",
        "missing": "not_emitted",
      },
      "vowelPath": {
        "kind": "present",
        "value": [
          "U",
          "I",
        ],
      },
    },
  ],
  "evidence": {
    "normalizationSteps": {
      "kind": "present",
      "value": [
        "UY → UI (functional_equivalence)",
      ],
    },
    "notes": {
      "kind": "present",
      "value": [],
    },
    "ops": {
      "kind": "present",
      "value": [],
    },
    "signals": {
      "kind": "present",
      "value": [
        "base_raw=UY",
        "base_norm=UI",
        "cons_windows=-",
        "prefix 'st' → Plosive",
        "alphabet=latin",
        "EVIDENCE_V1",
        "EVIDENCE_MATH7_BACKFILL",
      ],
    },
  },
  "math": {
    "kind": "present",
    "value": {
      "L": {
        "kind": "missing",
        "missing": "not_emitted",
      },
      "OI": {
        "kind": "missing",
        "missing": "not_emitted",
      },
      "bridge": {
        "kind": "missing",
        "missing": "not_emitted",
      },
      "levelSummary": {
        "kind": "missing",
        "missing": "not_emitted",
      },
      "light": {
        "kind": "missing",
        "missing": "not_emitted",
      },
      "ringSummary": {
        "kind": "missing",
        "missing": "not_emitted",
      },
      "shadow": {
        "kind": "missing",
        "missing": "not_emitted",
      },
      "verdict": {
        "kind": "missing",
        "missing": "not_emitted",
      },
    },
  },
  "originClaim": {
    "kind": "present",
    "value": {
      "candidates": [
        {
          "confidence": "weak",
          "evidenceRefs": [
            "primaryPath.voicePath",
            "heart.math7.primary",
            "candidates[albanian-studim]",
          ],
          "form": "studim",
          "id": "oc:albanian-studim",
          "language": "Albanian",
          "reasons": [
            "Candidate marked pass by engine candidate layer.",
            "Candidate voice path aligns with primary voice path.",
            "Candidate lacks detectable morphological structure.",
          ],
          "status": "pass",
        },
        {
          "confidence": "weak",
          "evidenceRefs": [
            "primaryPath.voicePath",
            "heart.math7.primary",
            "candidates[latin-studium]",
          ],
          "form": "studium",
          "id": "oc:latin-studium",
          "language": "Latin",
          "reasons": [
            "Candidate marked pass by engine candidate layer.",
            "Candidate voice path aligns with primary voice path.",
            "Candidate lacks detectable morphological structure.",
          ],
          "status": "pass",
        },
      ],
      "meta": {
        "engineVersion": "0.2.0-symbolic",
        "generatedAt": "<generatedAt>",
        "inputs": {
          "alphabet": "auto",
          "mode": "strict",
          "word": "study",
        },
      },
      "policy": "no_single_winner",
      "summary": {
        "confidence": "weak",
        "note": "Computed from candidate/deepRoot/voice-path/morphology signals. Passing: 2; strong: 0; medium: 0.",
      },
      "support": {
        "claimId": "oc:study",
        "refs": [
          "ref:candidates[albanian-studim]",
          "ref:candidates[latin-studium]",
          "ref:heart.math7.primary",
        ],
      },
      "version": "v1",
    },
  },
  "originClaimGates": {
    "active": false,
    "candidateCount": 2,
    "flag": "ocg",
    "reasonCounts": {},
  },
  "readout": {
    "alphabet": {
      "kind": "present",
      "value": "auto",
    },
    "counts": {
      "candidates": 2,
      "notes": {
        "kind": "present",
        "value": 0,
      },
      "ops": {
        "kind": "present",
        "value": 0,
      },
      "rejections": {
        "kind": "missing",
        "missing": "not_emitted",
      },
      "signals": {
        "kind": "present",
        "value": 7,
      },
    },
    "createdAt": {
      "kind": "present",
      "value": "<createdAt>",
    },
    "engineVersion": {
      "kind": "present",
      "value": "0.2.0-symbolic",
    },
    "mode": {
      "kind": "present",
      "value": "strict",
    },
    "normalizedWord": {
      "kind": "present",
      "value": "study",
    },
    "principlesPath": {
      "kind": "present",
      "value": [
        "Unity",
        "Insight",
      ],
    },
    "sevenPrinciplesSpectrum": {
      "delta": {
        "functional": "U-I",
        "same": false,
        "surface": "U-Y",
      },
      "functional": {
        "kind": "present",
        "value": {
          "colors": [
            "blue",
            "yellow",
          ],
          "crossesCenter": false,
          "drift": "mostly_decreasing",
          "endsOnE": false,
          "endsOnË": false,
          "indices1": [
            5,
            3,
          ],
          "notes": [
            "G",
            "E",
          ],
          "polarities": [
            "feminine",
            "masculine-leaning",
          ],
          "ringIndex": [
            1,
            1,
          ],
          "rings": [
            "inner",
            "inner",
          ],
          "roles": [
            "Containment/Depth",
            "Direction/Focus",
          ],
          "vowels": [
            "U",
            "I",
          ],
        },
      },
      "surface": {
        "kind": "present",
        "value": {
          "colors": [
            "blue",
            "indigo",
          ],
          "crossesCenter": false,
          "drift": "mostly_increasing",
          "endsOnE": false,
          "endsOnË": false,
          "indices1": [
            5,
            6,
          ],
          "notes": [
            "G",
            "A",
          ],
          "polarities": [
            "feminine",
            "feminine-leaning",
          ],
          "ringIndex": [
            1,
            2,
          ],
          "rings": [
            "inner",
            "middle",
          ],
          "roles": [
            "Containment/Depth",
            "Reflection/Mirror",
          ],
          "vowels": [
            "U",
            "Y",
          ],
        },
      },
    },
    "status": "detected",
    "strictInput": {
      "kind": "present",
      "value": true,
    },
    "voicePath": {
      "kind": "present",
      "value": [
        "U",
        "I",
      ],
    },
    "voicePathDelta": "DIVERGE",
    "voicePathFunctional": {
      "kind": "present",
      "value": [
        "U",
        "I",
      ],
    },
    "voicePathSurface": {
      "kind": "present",
      "value": [
        "U",
        "Y",
      ],
    },
    "word": "study",
  },
  "rejections": {
    "items": {
      "kind": "missing",
      "missing": "not_emitted",
    },
  },
  "resonanceProfileV1": {
    "kind": "present",
    "value": {
      "normalized": {
        "bucketCounts": {
          "boundary": 0,
          "manifest": 1,
          "source": 1,
        },
        "colorBand": [
          "blue",
          "yellow",
        ],
        "dominantBucket": "mixed",
        "dominantColor": "mixed",
        "notes": [
          "mixed buckets: source+manifest",
        ],
        "polaritySymbol": "◐",
        "signature": "MIXED_SOURCE_MANIFEST",
        "transitions": [
          "source→manifest",
        ],
        "vowels": [
          "U",
          "I",
        ],
      },
      "surface": {
        "bucketCounts": {
          "boundary": 0,
          "manifest": 0,
          "source": 2,
        },
        "colorBand": [
          "blue",
          "indigo",
        ],
        "dominantBucket": "source",
        "dominantColor": "mixed",
        "notes": [
          "pure bucket: source",
        ],
        "polaritySymbol": "♀",
        "signature": "PURE_SOURCE",
        "transitions": [],
        "vowels": [
          "U",
          "Y",
        ],
      },
      "version": "resonance-profile-v1",
    },
  },
  "rootMap": {
    "kind": "present",
    "value": {
      "carriers": [
        {
          "carrierForm": "shtoj",
          "language": "sq",
          "note": "gloss: to add",
          "token": "SHTU",
        },
        {
          "carrierForm": "shtim",
          "language": "sq",
          "note": "gloss: addition / increase",
          "token": "SHTU",
        },
        {
          "carrierForm": "shtue",
          "language": "sq",
          "note": "gloss: added (participle)",
          "token": "SHTU",
        },
        {
          "carrierForm": "stu",
          "language": "en",
          "note": "gloss: surface segment carrier (study)",
          "token": "SHTU",
        },
        {
          "carrierForm": "dij",
          "language": "sq",
          "note": "gloss: I know",
          "token": "DI",
        },
        {
          "carrierForm": "dije",
          "language": "sq",
          "note": "gloss: knowledge",
          "token": "DI",
        },
        {
          "carrierForm": "dit",
          "language": "sq",
          "note": "gloss: day (carrier; semantic drift possible)",
          "token": "DI",
        },
      ],
      "composedMeaning": "add / increase / put-on + know / knowledge",
      "keys": [
        {
          "evidence": [
            "sq: shtu",
            "ops: s_to_sh",
            "gloss: add / increased",
          ],
          "gloss": "add / increase / put-on",
          "language": "sq",
          "ops": [
            "s_to_sh",
          ],
          "status": "supported",
          "token": "SHTU",
        },
        {
          "evidence": [
            "sq: di",
            "ops: y_to_i",
            "gloss: I know",
          ],
          "gloss": "know / knowledge",
          "language": "sq",
          "ops": [
            "y_to_i",
          ],
          "status": "supported",
          "token": "DI",
        },
      ],
      "spans": [
        {
          "end": 3,
          "note": "segment=stu",
          "source": "surface",
          "start": 0,
          "token": "SHTU",
        },
        {
          "end": 5,
          "note": "segment=dy",
          "source": "surface",
          "start": 3,
          "token": "DI",
        },
      ],
      "tokens": [
        {
          "role": "action",
          "token": "SHTU",
          "vowel_path": "U",
        },
        {
          "role": "instrument",
          "token": "DI",
          "vowel_path": "I",
        },
      ],
    },
  },
}
`;
