// Jest Snapshot v1, https://goo.gl/fbAQLP

exports[`C2 canon diff report v0.1 (snapshot) train + holdout report 1`] = `
[
  {
    "id": "en_damage_pass_v0_1",
    "result": {
      "final": {
        "acceptedCandidateForms": [
          "damage",
        ],
      },
      "meta": {
        "attemptsUsed": 1,
        "cacheHit": false,
        "maxAttempts": 1,
        "model": "canon-mock",
        "promptVersion": "v0.2",
        "provider": "mock",
        "rulesVersion": "v0.1",
        "verifierVersion": "v0.1",
      },
      "mode": "strict",
      "status": "PASS",
      "trace": [
        {
          "attempt": 1,
          "failReasons": [],
          "parseOk": true,
          "status": "PASS",
        },
      ],
      "word": "damage",
    },
  },
  {
    "id": "en_damage_path_mismatch_v0_1",
    "result": {
      "final": {
        "acceptedCandidateForms": [
          "damage",
        ],
      },
      "meta": {
        "attemptsUsed": 2,
        "cacheHit": false,
        "maxAttempts": 3,
        "model": "canon-mock",
        "promptVersion": "v0.2",
        "provider": "mock",
        "rulesVersion": "v0.1",
        "verifierVersion": "v0.1",
      },
      "mode": "strict",
      "status": "PASS",
      "trace": [
        {
          "attempt": 1,
          "failReasons": [
            {
              "checkId": "PATH_MATCH",
              "form": "damage",
              "reason": "vowelPath mismatch. provided=U extracted=A→A→E",
            },
          ],
          "parseOk": true,
          "status": "FAIL",
        },
        {
          "attempt": 2,
          "failReasons": [],
          "parseOk": true,
          "status": "PASS",
        },
      ],
      "word": "damage",
    },
  },
  {
    "id": "en_mother_pass_v0_1",
    "result": {
      "final": {
        "acceptedCandidateForms": [
          "mother",
        ],
      },
      "meta": {
        "attemptsUsed": 1,
        "cacheHit": false,
        "maxAttempts": 1,
        "model": "canon-mock",
        "promptVersion": "v0.2",
        "provider": "mock",
        "rulesVersion": "v0.1",
        "verifierVersion": "v0.1",
      },
      "mode": "strict",
      "status": "PASS",
      "trace": [
        {
          "attempt": 1,
          "failReasons": [],
          "parseOk": true,
          "status": "PASS",
        },
      ],
      "word": "mother",
    },
  },
  {
    "id": "en_sterile_illegal_ops_v0_1",
    "result": {
      "final": {
        "acceptedCandidateForms": [
          "sterile",
        ],
      },
      "meta": {
        "attemptsUsed": 2,
        "cacheHit": false,
        "maxAttempts": 3,
        "model": "canon-mock",
        "promptVersion": "v0.2",
        "provider": "mock",
        "rulesVersion": "v0.1",
        "verifierVersion": "v0.1",
      },
      "mode": "strict",
      "status": "PASS",
      "trace": [
        {
          "attempt": 1,
          "failReasons": [
            {
              "checkId": "OPS_ALLOWED",
              "form": "sterile",
              "reason": "Illegal opsUsed token(s): E_INSERT_NOT_ALLOWED",
            },
          ],
          "parseOk": true,
          "status": "FAIL",
        },
        {
          "attempt": 2,
          "failReasons": [],
          "parseOk": true,
          "status": "PASS",
        },
      ],
      "word": "sterile",
    },
  },
  {
    "id": "en_study_pass_v0_1",
    "result": {
      "final": {
        "acceptedCandidateForms": [
          "study",
        ],
      },
      "meta": {
        "attemptsUsed": 1,
        "cacheHit": false,
        "maxAttempts": 1,
        "model": "canon-mock",
        "promptVersion": "v0.2",
        "provider": "mock",
        "rulesVersion": "v0.1",
        "verifierVersion": "v0.1",
      },
      "mode": "strict",
      "status": "PASS",
      "trace": [
        {
          "attempt": 1,
          "failReasons": [],
          "parseOk": true,
          "status": "PASS",
        },
      ],
      "word": "study",
    },
  },
  {
    "id": "sq_bukuri_pass_v0_1",
    "result": {
      "final": {
        "acceptedCandidateForms": [
          "bukuri",
        ],
      },
      "meta": {
        "attemptsUsed": 1,
        "cacheHit": false,
        "maxAttempts": 2,
        "model": "canon-mock",
        "promptVersion": "v0.2",
        "provider": "mock",
        "rulesVersion": "v0.1",
        "verifierVersion": "v0.1",
      },
      "mode": "strict",
      "status": "PASS",
      "trace": [
        {
          "attempt": 1,
          "failReasons": [],
          "parseOk": true,
          "status": "PASS",
        },
      ],
      "word": "bukuri",
    },
  },
  {
    "id": "sq_drite_pass_v0_1",
    "result": {
      "final": {
        "acceptedCandidateForms": [
          "dritë",
        ],
      },
      "meta": {
        "attemptsUsed": 1,
        "cacheHit": false,
        "maxAttempts": 2,
        "model": "canon-mock",
        "promptVersion": "v0.2",
        "provider": "mock",
        "rulesVersion": "v0.1",
        "verifierVersion": "v0.1",
      },
      "mode": "strict",
      "status": "PASS",
      "trace": [
        {
          "attempt": 1,
          "failReasons": [],
          "parseOk": true,
          "status": "PASS",
        },
      ],
      "word": "dritë",
    },
  },
  {
    "id": "sq_gjuhe_pass_v0_1",
    "result": {
      "final": {
        "acceptedCandidateForms": [
          "gjuhë",
        ],
      },
      "meta": {
        "attemptsUsed": 1,
        "cacheHit": false,
        "maxAttempts": 1,
        "model": "canon-mock",
        "promptVersion": "v0.2",
        "provider": "mock",
        "rulesVersion": "v0.1",
        "verifierVersion": "v0.1",
      },
      "mode": "strict",
      "status": "PASS",
      "trace": [
        {
          "attempt": 1,
          "failReasons": [],
          "parseOk": true,
          "status": "PASS",
        },
      ],
      "word": "gjuhë",
    },
  },
  {
    "id": "sq_kuzhine_loop_v0_1",
    "result": {
      "final": {
        "acceptedCandidateForms": [
          "kuzhinë",
        ],
      },
      "meta": {
        "attemptsUsed": 3,
        "cacheHit": false,
        "maxAttempts": 4,
        "model": "canon-mock",
        "promptVersion": "v0.2",
        "provider": "mock",
        "rulesVersion": "v0.1",
        "verifierVersion": "v0.1",
      },
      "mode": "strict",
      "status": "PASS",
      "trace": [
        {
          "attempt": 1,
          "failReasons": [],
          "parseOk": false,
          "status": "PARSE_ERROR",
        },
        {
          "attempt": 2,
          "failReasons": [
            {
              "checkId": "OPS_ALLOWED",
              "form": "kuzhinë",
              "reason": "Illegal opsUsed token(s): E_INSERT_NOT_ALLOWED",
            },
          ],
          "parseOk": true,
          "status": "FAIL",
        },
        {
          "attempt": 3,
          "failReasons": [],
          "parseOk": true,
          "status": "PASS",
        },
      ],
      "word": "kuzhinë",
    },
  },
  {
    "id": "sq_matematike_pass_v0_1",
    "result": {
      "final": {
        "acceptedCandidateForms": [
          "matematikë",
        ],
      },
      "meta": {
        "attemptsUsed": 1,
        "cacheHit": false,
        "maxAttempts": 2,
        "model": "canon-mock",
        "promptVersion": "v0.2",
        "provider": "mock",
        "rulesVersion": "v0.1",
        "verifierVersion": "v0.1",
      },
      "mode": "strict",
      "status": "PASS",
      "trace": [
        {
          "attempt": 1,
          "failReasons": [],
          "parseOk": true,
          "status": "PASS",
        },
      ],
      "word": "matematikë",
    },
  },
  {
    "id": "sq_mesim_missing_decomp_v0_1",
    "result": {
      "final": {
        "acceptedCandidateForms": [
          "mësim",
        ],
      },
      "meta": {
        "attemptsUsed": 2,
        "cacheHit": false,
        "maxAttempts": 3,
        "model": "canon-mock",
        "promptVersion": "v0.2",
        "provider": "mock",
        "rulesVersion": "v0.1",
        "verifierVersion": "v0.1",
      },
      "mode": "strict",
      "status": "PASS",
      "trace": [
        {
          "attempt": 1,
          "failReasons": [
            {
              "checkId": "DECOMP_PRESENT",
              "form": "mësim",
              "reason": "Missing decomposition (action/instrument/unit/statement).",
            },
          ],
          "parseOk": true,
          "status": "FAIL",
        },
        {
          "attempt": 2,
          "failReasons": [],
          "parseOk": true,
          "status": "PASS",
        },
      ],
      "word": "mësim",
    },
  },
  {
    "id": "sq_mesim_pass_v0_1",
    "result": {
      "final": {
        "acceptedCandidateForms": [
          "mësim",
        ],
      },
      "meta": {
        "attemptsUsed": 1,
        "cacheHit": false,
        "maxAttempts": 1,
        "model": "canon-mock",
        "promptVersion": "v0.2",
        "provider": "mock",
        "rulesVersion": "v0.1",
        "verifierVersion": "v0.1",
      },
      "mode": "strict",
      "status": "PASS",
      "trace": [
        {
          "attempt": 1,
          "failReasons": [],
          "parseOk": true,
          "status": "PASS",
        },
      ],
      "word": "mësim",
    },
  },
  {
    "id": "sq_moter_pass_v0_1",
    "result": {
      "final": {
        "acceptedCandidateForms": [
          "motër",
        ],
      },
      "meta": {
        "attemptsUsed": 1,
        "cacheHit": false,
        "maxAttempts": 1,
        "model": "canon-mock",
        "promptVersion": "v0.2",
        "provider": "mock",
        "rulesVersion": "v0.1",
        "verifierVersion": "v0.1",
      },
      "mode": "strict",
      "status": "PASS",
      "trace": [
        {
          "attempt": 1,
          "failReasons": [],
          "parseOk": true,
          "status": "PASS",
        },
      ],
      "word": "motër",
    },
  },
  {
    "id": "sq_nate_pass_v0_1",
    "result": {
      "final": {
        "acceptedCandidateForms": [
          "natë",
        ],
      },
      "meta": {
        "attemptsUsed": 1,
        "cacheHit": false,
        "maxAttempts": 1,
        "model": "canon-mock",
        "promptVersion": "v0.2",
        "provider": "mock",
        "rulesVersion": "v0.1",
        "verifierVersion": "v0.1",
      },
      "mode": "strict",
      "status": "PASS",
      "trace": [
        {
          "attempt": 1,
          "failReasons": [],
          "parseOk": true,
          "status": "PASS",
        },
      ],
      "word": "natë",
    },
  },
  {
    "id": "sq_shtepi_pass_v0_1",
    "result": {
      "final": {
        "acceptedCandidateForms": [
          "shtëpi",
        ],
      },
      "meta": {
        "attemptsUsed": 1,
        "cacheHit": false,
        "maxAttempts": 1,
        "model": "canon-mock",
        "promptVersion": "v0.2",
        "provider": "mock",
        "rulesVersion": "v0.1",
        "verifierVersion": "v0.1",
      },
      "mode": "strict",
      "status": "PASS",
      "trace": [
        {
          "attempt": 1,
          "failReasons": [],
          "parseOk": true,
          "status": "PASS",
        },
      ],
      "word": "shtëpi",
    },
  },
  {
    "id": "sq_sy_pass_v0_1",
    "result": {
      "final": {
        "acceptedCandidateForms": [
          "sy",
        ],
      },
      "meta": {
        "attemptsUsed": 1,
        "cacheHit": false,
        "maxAttempts": 2,
        "model": "canon-mock",
        "promptVersion": "v0.2",
        "provider": "mock",
        "rulesVersion": "v0.1",
        "verifierVersion": "v0.1",
      },
      "mode": "strict",
      "status": "PASS",
      "trace": [
        {
          "attempt": 1,
          "failReasons": [],
          "parseOk": true,
          "status": "PASS",
        },
      ],
      "word": "sy",
    },
  },
  {
    "id": "sq_zemer_pass_v0_1",
    "result": {
      "final": {
        "acceptedCandidateForms": [
          "zemër",
        ],
      },
      "meta": {
        "attemptsUsed": 1,
        "cacheHit": false,
        "maxAttempts": 1,
        "model": "canon-mock",
        "promptVersion": "v0.2",
        "provider": "mock",
        "rulesVersion": "v0.1",
        "verifierVersion": "v0.1",
      },
      "mode": "strict",
      "status": "PASS",
      "trace": [
        {
          "attempt": 1,
          "failReasons": [],
          "parseOk": true,
          "status": "PASS",
        },
      ],
      "word": "zemër",
    },
  },
  {
    "id": "xx_forced_llm_error_v0_1",
    "result": {
      "final": null,
      "meta": {
        "attemptsUsed": 1,
        "cacheHit": false,
        "maxAttempts": 1,
        "model": "mock",
        "promptVersion": "v0.2",
        "provider": "mock",
        "rulesVersion": "v0.1",
        "verifierVersion": "v0.1",
      },
      "mode": "strict",
      "status": "LLM_ERROR",
      "trace": [
        {
          "attempt": 1,
          "failReasons": [
            {
              "checkId": "LLM_ERROR",
              "form": "",
              "reason": "canon: forced LLM_ERROR",
            },
          ],
          "parseOk": false,
          "status": "LLM_ERROR",
        },
      ],
      "word": "llm_error",
    },
  },
]
`;
