// Jest Snapshot v1, https://goo.gl/fbAQLP

exports[`voice doctrine v0.1 — snapshot lock (full export surface) 1`] = `
{
  "COLORS_BY_VOICE_V0_1": {
    "A": "Red",
    "E": "Yellow",
    "I": "Violet",
    "O": "Orange",
    "U": "Blue",
    "Y": "Indigo",
    "Ë": "Green",
  },
  "COLORS_HEX_BY_VOICE_V0_1": {
    "A": "#EF4444",
    "E": "#EAB308",
    "I": "#C026D3",
    "O": "#F97316",
    "U": "#3B82F6",
    "Y": "#4F46E5",
    "Ë": "#22C55E",
  },
  "DEFAULT_PRINCIPLES_SET_KEY_V0_1": "modern",
  "LABELS_BY_VOICE_V0_1": {
    "A": "Truth / Source / Action",
    "E": "Expansion / Flow",
    "I": "Insight / Pattern",
    "O": "Balance / Heart / Mediator",
    "U": "Unity / Field",
    "Y": "Network Integrity",
    "Ë": "Evolution / Completion",
  },
  "NOTES_ABC_BY_VOICE_V0_1": {
    "A": "C",
    "E": "D",
    "I": "E",
    "O": "F",
    "U": "G",
    "Y": "A",
    "Ë": "B",
  },
  "NOTES_BY_VOICE_V0_1": {
    "A": "Do",
    "E": "Re",
    "I": "Mi",
    "O": "Fa",
    "U": "Sol",
    "Y": "La",
    "Ë": "Ti",
  },
  "PRINCIPLES_SETS_V0_1": {
    "modern": {
      "A": "Truth",
      "E": "Expansion",
      "I": "Insight",
      "O": "Balance",
      "U": "Unity",
      "Y": "Network Integrity",
      "Ë": "Evolution",
    },
  },
  "VOICES_V0_1": [
    "A",
    "E",
    "I",
    "O",
    "U",
    "Y",
    "Ë",
  ],
  "VOICE_DOCTRINE_V0_1": {
    "category": "symbolic_doctrine",
    "colorsByVoice": {
      "A": "Red",
      "E": "Yellow",
      "I": "Violet",
      "O": "Orange",
      "U": "Blue",
      "Y": "Indigo",
      "Ë": "Green",
    },
    "notesByVoice": {
      "A": "Do",
      "E": "Re",
      "I": "Mi",
      "O": "Fa",
      "U": "Sol",
      "Y": "La",
      "Ë": "Ti",
    },
    "principles": {
      "defaultSet": "modern",
      "sets": {
        "modern": {
          "A": "Truth",
          "E": "Expansion",
          "I": "Insight",
          "O": "Balance",
          "U": "Unity",
          "Y": "Network Integrity",
          "Ë": "Evolution",
        },
      },
    },
    "symbolicOrder": [
      "A",
      "E",
      "I",
      "O",
      "U",
      "Y",
      "Ë",
    ],
    "version": "v0.1",
    "voices": [
      "A",
      "E",
      "I",
      "O",
      "U",
      "Y",
      "Ë",
    ],
  },
}
`;
