// Jest Snapshot v1, https://goo.gl/fbAQLP

exports[`vowels/ipaVowelMap v0.2 (lock) locks token→voice mapping (sorted by token, deterministic) 1`] = `
[
  [
    "a",
    "A",
  ],
  [
    "e",
    "E",
  ],
  [
    "i",
    "I",
  ],
  [
    "o",
    "O",
  ],
  [
    "u",
    "U",
  ],
  [
    "y",
    "Y",
  ],
  [
    "æ",
    "A",
  ],
  [
    "ø",
    "Y",
  ],
  [
    "œ",
    "Y",
  ],
  [
    "ɐ",
    "A",
  ],
  [
    "ɑ",
    "A",
  ],
  [
    "ɒ",
    "O",
  ],
  [
    "ɔ",
    "O",
  ],
  [
    "ɘ",
    "Ë",
  ],
  [
    "ə",
    "Ë",
  ],
  [
    "ɚ",
    "Ë",
  ],
  [
    "ɛ",
    "E",
  ],
  [
    "ɜ",
    "Ë",
  ],
  [
    "ɝ",
    "Ë",
  ],
  [
    "ɞ",
    "Ë",
  ],
  [
    "ɤ",
    "Ë",
  ],
  [
    "ɨ",
    "U",
  ],
  [
    "ɪ",
    "I",
  ],
  [
    "ɯ",
    "U",
  ],
  [
    "ɵ",
    "Ë",
  ],
  [
    "ɶ",
    "A",
  ],
  [
    "ʉ",
    "U",
  ],
  [
    "ʊ",
    "U",
  ],
  [
    "ʌ",
    "Ë",
  ],
  [
    "ʏ",
    "Y",
  ],
]
`;
