// Jest Snapshot v1, https://goo.gl/fbAQLP

exports[`vowels/ipaVowelMap v0.1 (lock) locks token→voice mapping (ordered) 1`] = `
[
  [
    "a",
    "A",
  ],
  [
    "ɑ",
    "A",
  ],
  [
    "ɐ",
    "A",
  ],
  [
    "e",
    "E",
  ],
  [
    "ɛ",
    "E",
  ],
  [
    "i",
    "I",
  ],
  [
    "ɪ",
    "I",
  ],
  [
    "o",
    "O",
  ],
  [
    "ɔ",
    "O",
  ],
  [
    "u",
    "U",
  ],
  [
    "ʊ",
    "U",
  ],
  [
    "y",
    "Y",
  ],
  [
    "ʏ",
    "Y",
  ],
  [
    "ə",
    "Ë",
  ],
  [
    "ʌ",
    "Ë",
  ],
]
`;
