// Jest Snapshot v1, https://goo.gl/fbAQLP

exports[`vowels: base latin map v0.1 locked keys + pairs snapshot (sorted, deterministic) 1`] = `
[
  "A",
  "E",
  "I",
  "O",
  "U",
  "Y",
  "a",
  "e",
  "i",
  "o",
  "u",
  "y",
  "À",
  "Á",
  "Â",
  "Ã",
  "Ä",
  "Å",
  "È",
  "É",
  "Ê",
  "Ë",
  "Ì",
  "Í",
  "Î",
  "Ï",
  "Ò",
  "Ó",
  "Ô",
  "Õ",
  "Ö",
  "Ø",
  "Ù",
  "Ú",
  "Û",
  "Ü",
  "Ý",
  "à",
  "á",
  "â",
  "ã",
  "ä",
  "å",
  "è",
  "é",
  "ê",
  "ë",
  "ì",
  "í",
  "î",
  "ï",
  "ò",
  "ó",
  "ô",
  "õ",
  "ö",
  "ø",
  "ù",
  "ú",
  "û",
  "ü",
  "ý",
  "ÿ",
  "Ā",
  "ā",
  "Ă",
  "ă",
  "Ą",
  "ą",
  "Ē",
  "ē",
  "Ĕ",
  "ĕ",
  "Ė",
  "ė",
  "Ę",
  "ę",
  "Ě",
  "ě",
  "Ī",
  "ī",
  "Ĭ",
  "ĭ",
  "Į",
  "į",
  "İ",
  "ı",
  "Ō",
  "ō",
  "Ŏ",
  "ŏ",
  "Ő",
  "ő",
  "Œ",
  "œ",
  "Ū",
  "ū",
  "Ŭ",
  "ŭ",
  "Ů",
  "ů",
  "Ű",
  "ű",
  "Ų",
  "ų",
  "Ÿ",
]
`;

exports[`vowels: base latin map v0.1 locked keys + pairs snapshot (sorted, deterministic) 2`] = `
[
  [
    "A",
    "A",
  ],
  [
    "E",
    "E",
  ],
  [
    "I",
    "I",
  ],
  [
    "O",
    "O",
  ],
  [
    "U",
    "U",
  ],
  [
    "Y",
    "Y",
  ],
  [
    "a",
    "A",
  ],
  [
    "e",
    "E",
  ],
  [
    "i",
    "I",
  ],
  [
    "o",
    "O",
  ],
  [
    "u",
    "U",
  ],
  [
    "y",
    "Y",
  ],
  [
    "À",
    "A",
  ],
  [
    "Á",
    "A",
  ],
  [
    "Â",
    "A",
  ],
  [
    "Ã",
    "A",
  ],
  [
    "Ä",
    "A",
  ],
  [
    "Å",
    "A",
  ],
  [
    "È",
    "E",
  ],
  [
    "É",
    "E",
  ],
  [
    "Ê",
    "E",
  ],
  [
    "Ë",
    "Ë",
  ],
  [
    "Ì",
    "I",
  ],
  [
    "Í",
    "I",
  ],
  [
    "Î",
    "I",
  ],
  [
    "Ï",
    "I",
  ],
  [
    "Ò",
    "O",
  ],
  [
    "Ó",
    "O",
  ],
  [
    "Ô",
    "O",
  ],
  [
    "Õ",
    "O",
  ],
  [
    "Ö",
    "O",
  ],
  [
    "Ø",
    "O",
  ],
  [
    "Ù",
    "U",
  ],
  [
    "Ú",
    "U",
  ],
  [
    "Û",
    "U",
  ],
  [
    "Ü",
    "Y",
  ],
  [
    "Ý",
    "Y",
  ],
  [
    "à",
    "A",
  ],
  [
    "á",
    "A",
  ],
  [
    "â",
    "A",
  ],
  [
    "ã",
    "A",
  ],
  [
    "ä",
    "A",
  ],
  [
    "å",
    "A",
  ],
  [
    "è",
    "E",
  ],
  [
    "é",
    "E",
  ],
  [
    "ê",
    "E",
  ],
  [
    "ë",
    "Ë",
  ],
  [
    "ì",
    "I",
  ],
  [
    "í",
    "I",
  ],
  [
    "î",
    "I",
  ],
  [
    "ï",
    "I",
  ],
  [
    "ò",
    "O",
  ],
  [
    "ó",
    "O",
  ],
  [
    "ô",
    "O",
  ],
  [
    "õ",
    "O",
  ],
  [
    "ö",
    "O",
  ],
  [
    "ø",
    "O",
  ],
  [
    "ù",
    "U",
  ],
  [
    "ú",
    "U",
  ],
  [
    "û",
    "U",
  ],
  [
    "ü",
    "Y",
  ],
  [
    "ý",
    "Y",
  ],
  [
    "ÿ",
    "Y",
  ],
  [
    "Ā",
    "A",
  ],
  [
    "ā",
    "A",
  ],
  [
    "Ă",
    "A",
  ],
  [
    "ă",
    "A",
  ],
  [
    "Ą",
    "A",
  ],
  [
    "ą",
    "A",
  ],
  [
    "Ē",
    "E",
  ],
  [
    "ē",
    "E",
  ],
  [
    "Ĕ",
    "E",
  ],
  [
    "ĕ",
    "E",
  ],
  [
    "Ė",
    "E",
  ],
  [
    "ė",
    "E",
  ],
  [
    "Ę",
    "E",
  ],
  [
    "ę",
    "E",
  ],
  [
    "Ě",
    "E",
  ],
  [
    "ě",
    "E",
  ],
  [
    "Ī",
    "I",
  ],
  [
    "ī",
    "I",
  ],
  [
    "Ĭ",
    "I",
  ],
  [
    "ĭ",
    "I",
  ],
  [
    "Į",
    "I",
  ],
  [
    "į",
    "I",
  ],
  [
    "İ",
    "I",
  ],
  [
    "ı",
    "I",
  ],
  [
    "Ō",
    "O",
  ],
  [
    "ō",
    "O",
  ],
  [
    "Ŏ",
    "O",
  ],
  [
    "ŏ",
    "O",
  ],
  [
    "Ő",
    "O",
  ],
  [
    "ő",
    "O",
  ],
  [
    "Œ",
    "O",
  ],
  [
    "œ",
    "O",
  ],
  [
    "Ū",
    "U",
  ],
  [
    "ū",
    "U",
  ],
  [
    "Ŭ",
    "U",
  ],
  [
    "ŭ",
    "U",
  ],
  [
    "Ů",
    "U",
  ],
  [
    "ů",
    "U",
  ],
  [
    "Ű",
    "U",
  ],
  [
    "ű",
    "U",
  ],
  [
    "Ų",
    "U",
  ],
  [
    "ų",
    "U",
  ],
  [
    "Ÿ",
    "Y",
  ],
]
`;
